<html>
<body>
<pre>
<h1>礦ision Build Log</h1>
<h2>Tool Versions:</h2>
IDE-Version: μVision V5.40.0.0
Copyright (C) 2024 ARM Ltd and ARM Germany GmbH. All rights reserved.
License Information: 1 gyw, HP Inc., LIC=FYKYW-Q2ZTT-HLLCL-09461-2UWXV-E941L
 
Tool Versions:
Toolchain:       MDK-ARM Plus  Version: 5.40.0.3
Toolchain Path:  D:\keiland\ARM\ARMCLANG\Bin
C Compiler:      ArmClang.exe V6.22
Assembler:       Armasm.exe V6.22
Linker/Locator:  ArmLink.exe V6.22
Library Manager: ArmAr.exe V6.22
Hex Converter:   FromElf.exe V6.22
CPU DLL:         SARMCM3.DLL V5.40.0.3
Dialog DLL:      DCM.DLL V1.17.5.0
Target DLL:      CMSIS_AGDI.dll V1.33.18.0
Dialog DLL:      TCM.DLL V1.56.4.0
 
<h2>Project:</h2>
D:\智能车\智能视觉\RT1064\RT1064\E09_14_mt9v03x_ips200_display_demo\mdk\rt1064.uvprojx
Project File Date:  12/21/2024

<h2>Output:</h2>
*** Using Compiler 'V6.22', folder: 'D:\keiland\ARM\ARMCLANG\Bin'
Build target 'nor_sdram_zf_dtcm'
compiling main.c...
linking...
Program Size: Code=59704 RO-data=10932 RW-data=264 ZI-data=56580  
".\Objects\rt1064.axf" - 0 Error(s), 0 Warning(s).

<h2>Software Packages used:</h2>

Package Vendor: NXP
                https://mcuxpresso.nxp.com/cmsis_pack/repo/NXP.MIMXRT1064_DFP.19.0.0.pack
                NXP::MIMXRT1064_DFP@19.0.0
                Device Family Pack for MIMXRT1064

<h2>Collection of Component include folders:</h2>
  D:/keiland/NXP/MIMXRT1064_DFP/19.0.0/devices/MIMXRT1064

<h2>Collection of Component Files used:</h2>
Build Time Elapsed:  00:00:01
</pre>
</body>
</html>
